5759.360286 start epsilon=0.02 ndof=200 constraints=101 rho=10000.0 tol_inner_grad=1e-11
5759.360738 aug 1 start
5759.364513 aug 1 newton 1 eval 0.003480s E=2.836978546429e-01 grad_inf=1.000e+04 primal=1.000e+00
5759.366749 aug 1 newton 1 linear 0.001913s solve step_inf=1.502e+00 directional=-2.000e+04
5759.370044 aug 1 newton 1 line 0.002953s accepted=True line_count=1 alpha=1.000e+00
5759.373888 aug 1 newton 2 eval 0.003498s E=5.770295905730e-01 grad_inf=1.256e-02 primal=2.831e-06
5759.375192 aug 1 newton 2 linear 0.000955s solve step_inf=5.095e-01 directional=-3.651e-01
5759.378630 aug 1 newton 2 line 0.003108s accepted=True line_count=1 alpha=1.000e+00
5759.382111 aug 1 newton 3 eval 0.003140s E=3.553327316300e-01 grad_inf=4.128e-03 primal=1.945e-06
5759.392232 aug 1 newton 3 linear 0.001132s solve step_inf=1.456e+00 directional=-1.403e-01
5759.399525 aug 1 newton 3 line 0.006893s accepted=True line_count=2 alpha=5.000e-01
5759.402965 aug 1 newton 4 eval 0.003113s E=2.957867045609e-01 grad_inf=4.571e-03 primal=1.889e-06
5759.405317 aug 1 newton 4 linear 0.001998s solve+descent_fallback step_inf=4.571e-03 directional=-1.181e-03
5759.434463 aug 1 newton 4 line 0.028756s accepted=True line_count=10 alpha=1.953e-03
5759.437770 aug 1 newton 5 eval 0.002967s E=2.957860373094e-01 grad_inf=3.419e-02 primal=1.534e-06
5759.438964 aug 1 newton 5 linear 0.000906s solve+descent_fallback step_inf=3.419e-02 directional=-4.833e-02
5759.485092 aug 1 newton 5 line 0.045783s accepted=True line_count=15 alpha=6.104e-05
5759.488568 aug 1 newton 6 eval 0.003148s E=2.957840913465e-01 grad_inf=8.493e-03 primal=2.524e-06
5759.489838 aug 1 newton 6 linear 0.000948s solve+descent_fallback step_inf=8.493e-03 directional=-3.447e-03
5759.534740 aug 1 newton 6 line 0.044445s accepted=True line_count=14 alpha=1.221e-04
5759.538283 aug 1 newton 7 eval 0.003180s E=2.957847801863e-01 grad_inf=1.155e-02 primal=1.401e-06
5759.539884 aug 1 newton 7 linear 0.001254s solve+descent_fallback step_inf=1.155e-02 directional=-5.924e-03
5759.581159 aug 1 newton 7 line 0.040884s accepted=True line_count=14 alpha=1.221e-04
5759.584486 aug 1 newton 8 eval 0.002964s E=2.957834457526e-01 grad_inf=1.619e-02 primal=3.315e-06
5759.585711 aug 1 newton 8 linear 0.000906s solve+descent_fallback step_inf=1.619e-02 directional=-1.107e-02
5759.630365 aug 1 newton 8 line 0.044275s accepted=True line_count=15 alpha=6.104e-05
5759.633648 aug 1 newton 9 eval 0.002947s E=2.957842362322e-01 grad_inf=5.313e-03 primal=1.522e-06
5759.634875 aug 1 newton 9 linear 0.000956s solve+descent_fallback step_inf=5.313e-03 directional=-1.632e-03
5759.674783 aug 1 newton 9 line 0.039550s accepted=True line_count=13 alpha=2.441e-04
5759.678580 aug 1 newton 10 eval 0.003428s E=2.957831960789e-01 grad_inf=1.400e-02 primal=3.097e-06
5759.679974 aug 1 newton 10 linear 0.001089s solve+descent_fallback step_inf=1.400e-02 directional=-8.434e-03
5759.725092 aug 1 newton 10 line 0.044702s accepted=True line_count=15 alpha=6.104e-05
5759.728774 aug 1 newton 11 eval 0.003239s E=2.957838634449e-01 grad_inf=5.065e-03 primal=1.547e-06
5759.730325 aug 1 newton 11 linear 0.001224s solve+descent_fallback step_inf=5.065e-03 directional=-1.504e-03
5759.769342 aug 1 newton 11 line 0.038485s accepted=True line_count=13 alpha=2.441e-04
5759.773043 aug 1 newton 12 eval 0.003194s E=2.957829319200e-01 grad_inf=1.214e-02 primal=2.910e-06
5759.774444 aug 1 newton 12 linear 0.001070s solve+descent_fallback step_inf=1.214e-02 directional=-6.499e-03
5759.820352 aug 1 newton 12 line 0.045545s accepted=True line_count=15 alpha=6.104e-05
5759.823840 aug 1 newton 13 eval 0.003122s E=2.957834938172e-01 grad_inf=4.878e-03 primal=1.584e-06
5759.825475 aug 1 newton 13 linear 0.001288s solve+descent_fallback step_inf=4.878e-03 directional=-1.409e-03
5759.864110 aug 1 newton 13 line 0.038040s accepted=True line_count=12 alpha=4.883e-04
5759.868145 aug 1 newton 14 eval 0.003658s E=2.957818170639e-01 grad_inf=2.260e-02 primal=3.956e-06
5759.869657 aug 1 newton 14 linear 0.001074s solve+descent_fallback step_inf=2.260e-02 directional=-2.118e-02
5759.918848 aug 1 newton 14 line 0.048779s accepted=True line_count=15 alpha=6.104e-05
5759.922265 aug 1 newton 15 eval 0.003092s E=2.957829696436e-01 grad_inf=6.170e-03 primal=1.457e-06
5759.923654 aug 1 newton 15 linear 0.001069s solve+descent_fallback step_inf=6.170e-03 directional=-2.124e-03
5759.967601 aug 1 newton 15 line 0.043543s accepted=True line_count=14 alpha=1.221e-04
5759.971189 aug 1 newton 16 eval 0.003195s E=2.957822897035e-01 grad_inf=8.070e-03 primal=2.479e-06
5759.972510 aug 1 newton 16 linear 0.000934s solve+descent_fallback step_inf=8.070e-03 directional=-3.176e-03
5760.016099 aug 1 newton 16 line 0.042903s accepted=True line_count=14 alpha=1.221e-04
5760.019563 aug 1 newton 17 eval 0.003106s E=2.957829274437e-01 grad_inf=1.095e-02 primal=1.403e-06
5760.020974 aug 1 newton 17 linear 0.001066s solve+descent_fallback step_inf=1.095e-02 directional=-5.360e-03
5760.064588 aug 1 newton 17 line 0.043221s accepted=True line_count=14 alpha=1.221e-04
5760.068120 aug 1 newton 18 eval 0.003174s E=2.957816658704e-01 grad_inf=1.526e-02 primal=3.222e-06
5760.069863 aug 1 newton 18 linear 0.001393s solve+descent_fallback step_inf=1.526e-02 directional=-9.898e-03
5760.116888 aug 1 newton 18 line 0.046576s accepted=True line_count=15 alpha=6.104e-05
5760.120942 aug 1 newton 19 eval 0.003622s E=2.957824039313e-01 grad_inf=5.208e-03 primal=1.531e-06
5760.122558 aug 1 newton 19 linear 0.001017s solve+descent_fallback step_inf=5.208e-03 directional=-1.575e-03
5760.162034 aug 1 newton 19 line 0.039084s accepted=True line_count=13 alpha=2.441e-04
5760.165350 aug 1 newton 20 eval 0.002967s E=2.957814100230e-01 grad_inf=1.321e-02 primal=3.017e-06
5760.166992 aug 1 newton 20 linear 0.001171s solve+descent_fallback step_inf=1.321e-02 directional=-7.574e-03
5760.210193 aug 1 newton 20 line 0.042831s accepted=True line_count=15 alpha=6.104e-05
5760.213890 aug 1 done 0.853224s primal=1.562e-06 stationarity=4.975e-03 total_newton=20
5760.214720 aug 2 start
5760.218204 aug 2 newton 1 eval 0.003172s E=2.957820324909e-01 grad_inf=1.539e-02 primal=1.562e-06
5760.219861 aug 2 newton 1 linear 0.001338s solve+descent_fallback step_inf=1.539e-02 directional=-1.652e-02
5760.265614 aug 2 newton 1 line 0.045387s accepted=True line_count=15 alpha=6.104e-05
5760.269391 aug 2 newton 2 eval 0.003443s E=2.957831298667e-01 grad_inf=6.021e-03 primal=3.033e-07
5760.270680 aug 2 newton 2 linear 0.000934s solve+descent_fallback step_inf=6.021e-03 directional=-1.907e-03
5760.311782 aug 2 newton 2 line 0.040723s accepted=True line_count=13 alpha=2.441e-04
5760.315570 aug 2 newton 3 eval 0.003427s E=2.957818325490e-01 grad_inf=1.359e-02 primal=1.374e-06
5760.317605 aug 2 newton 3 linear 0.001264s solve+descent_fallback step_inf=1.359e-02 directional=-1.240e-02
5760.366966 aug 2 newton 3 line 0.048771s accepted=True line_count=15 alpha=6.104e-05
5760.371174 aug 2 newton 4 eval 0.003855s E=2.957827549173e-01 grad_inf=5.671e-03 primal=2.584e-07
5760.372809 aug 2 newton 4 linear 0.000796s solve+descent_fallback step_inf=5.671e-03 directional=-1.700e-03
5760.414209 aug 2 newton 4 line 0.040969s accepted=True line_count=13 alpha=2.441e-04
5760.418107 aug 2 newton 5 eval 0.003547s E=2.957815905431e-01 grad_inf=1.210e-02 primal=1.212e-06
5760.420032 aug 2 newton 5 linear 0.001581s solve+descent_fallback step_inf=1.210e-02 directional=-9.398e-03
5760.468222 aug 2 newton 5 line 0.047827s accepted=True line_count=15 alpha=6.104e-05
5760.471979 aug 2 newton 6 eval 0.003407s E=2.957823754628e-01 grad_inf=5.372e-03 primal=2.200e-07
5760.473195 aug 2 newton 6 linear 0.000889s solve+descent_fallback step_inf=5.372e-03 directional=-1.551e-03
5760.513722 aug 2 newton 6 line 0.040159s accepted=True line_count=13 alpha=2.441e-04
5760.517037 aug 2 newton 7 eval 0.002992s E=2.957813445427e-01 grad_inf=1.083e-02 primal=1.074e-06
5760.518270 aug 2 newton 7 linear 0.000759s solve+descent_fallback step_inf=1.083e-02 directional=-7.203e-03
5760.564502 aug 2 newton 7 line 0.045876s accepted=True line_count=15 alpha=6.104e-05
5760.568221 aug 2 newton 8 eval 0.003322s E=2.957820046372e-01 grad_inf=5.115e-03 primal=1.871e-07
5760.569551 aug 2 newton 8 linear 0.000902s solve+descent_fallback step_inf=5.115e-03 directional=-1.444e-03
5760.606989 aug 2 newton 8 line 0.037039s accepted=True line_count=12 alpha=4.883e-04
5760.610341 aug 2 newton 9 eval 0.002996s E=2.957801496000e-01 grad_inf=1.830e-02 primal=1.863e-06
5760.612285 aug 2 newton 9 linear 0.001641s solve+descent_fallback step_inf=1.830e-02 directional=-2.381e-02
5760.658589 aug 2 newton 9 line 0.045928s accepted=True line_count=15 alpha=6.104e-05
5760.662122 aug 2 newton 10 eval 0.003186s E=2.957814956273e-01 grad_inf=6.552e-03 primal=3.715e-07
5760.663313 aug 2 newton 10 linear 0.000831s solve+descent_fallback step_inf=6.552e-03 directional=-2.253e-03
5760.705721 aug 2 newton 10 line 0.042056s accepted=True line_count=14 alpha=1.221e-04
5760.709267 aug 2 newton 11 eval 0.003162s E=2.957807321597e-01 grad_inf=7.903e-03 primal=7.572e-07
5760.710729 aug 2 newton 11 linear 0.000912s solve+descent_fallback step_inf=7.903e-03 directional=-3.441e-03
5760.752938 aug 2 newton 11 line 0.041779s accepted=True line_count=14 alpha=1.221e-04
5760.756652 aug 2 newton 12 eval 0.003367s E=2.957814917551e-01 grad_inf=9.973e-03 primal=7.828e-07
5760.757963 aug 2 newton 12 linear 0.000943s solve+descent_fallback step_inf=9.973e-03 directional=-5.912e-03
5760.802168 aug 2 newton 12 line 0.043692s accepted=True line_count=14 alpha=1.221e-04
5760.805870 aug 2 newton 13 eval 0.003370s E=2.957800542261e-01 grad_inf=1.296e-02 primal=1.305e-06
5760.807278 aug 2 newton 13 linear 0.001100s solve+descent_fallback step_inf=1.296e-02 directional=-1.104e-02
5760.853617 aug 2 newton 13 line 0.045923s accepted=True line_count=15 alpha=6.104e-05
5760.857099 aug 2 newton 14 eval 0.003148s E=2.957809191391e-01 grad_inf=5.544e-03 primal=2.421e-07
5760.858327 aug 2 newton 14 linear 0.000952s solve+descent_fallback step_inf=5.544e-03 directional=-1.631e-03
5760.897383 aug 2 newton 14 line 0.038713s accepted=True line_count=13 alpha=2.441e-04
5760.900750 aug 2 newton 15 eval 0.003046s E=2.957798132341e-01 grad_inf=1.156e-02 primal=1.154e-06
5760.902201 aug 2 newton 15 linear 0.000958s solve+descent_fallback step_inf=1.156e-02 directional=-8.416e-03
5760.949304 aug 2 newton 15 line 0.046675s accepted=True line_count=15 alpha=6.104e-05
5760.953244 aug 2 newton 16 eval 0.003573s E=2.957805444200e-01 grad_inf=5.263e-03 primal=2.060e-07
5760.954674 aug 2 newton 16 linear 0.000858s solve+descent_fallback step_inf=5.263e-03 directional=-1.503e-03
5760.995459 aug 2 newton 16 line 0.040393s accepted=True line_count=13 alpha=2.441e-04
5760.999045 aug 2 newton 17 eval 0.003224s E=2.957795565989e-01 grad_inf=1.037e-02 primal=1.024e-06
5761.000239 aug 2 newton 17 linear 0.000810s solve+descent_fallback step_inf=1.037e-02 directional=-6.486e-03
5761.045762 aug 2 newton 17 line 0.045121s accepted=True line_count=15 alpha=6.104e-05
5761.049294 aug 2 newton 18 eval 0.003144s E=2.957801731708e-01 grad_inf=5.061e-03 primal=1.751e-07
5761.050860 aug 2 newton 18 linear 0.000998s solve+descent_fallback step_inf=5.061e-03 directional=-1.409e-03
5761.088692 aug 2 newton 18 line 0.037395s accepted=True line_count=12 alpha=4.883e-04
5761.092665 aug 2 newton 19 eval 0.003610s E=2.957783998764e-01 grad_inf=1.731e-02 primal=1.757e-06
5761.094818 aug 2 newton 19 linear 0.000761s solve+descent_fallback step_inf=1.731e-02 directional=-2.113e-02
5761.140781 aug 2 newton 19 line 0.045587s accepted=True line_count=15 alpha=6.104e-05
5761.144649 aug 2 newton 20 eval 0.003513s E=2.957796582546e-01 grad_inf=6.371e-03 primal=3.482e-07
5761.146008 aug 2 newton 20 linear 0.000874s solve+descent_fallback step_inf=6.371e-03 directional=-2.122e-03
5761.191226 aug 2 newton 20 line 0.044646s accepted=True line_count=14 alpha=1.221e-04
5761.194532 aug 2 done 0.980333s primal=7.267e-07 stationarity=7.618e-03 total_newton=40
5761.195353 aug 3 start
5761.199007 aug 3 newton 1 eval 0.003364s E=2.957789316340e-01 grad_inf=1.394e-02 primal=7.267e-07
5761.200728 aug 3 newton 1 linear 0.001250s solve+descent_fallback step_inf=1.394e-02 directional=-1.228e-02
5761.248033 aug 3 newton 1 line 0.046919s accepted=True line_count=15 alpha=6.104e-05
5761.251421 aug 3 newton 2 eval 0.003066s E=2.957798596306e-01 grad_inf=5.663e-03 primal=7.761e-07
5761.252909 aug 3 newton 2 linear 0.001012s solve+descent_fallback step_inf=5.663e-03 directional=-1.691e-03
5761.293441 aug 3 newton 2 line 0.040146s accepted=True line_count=13 alpha=2.441e-04
5761.296814 aug 3 newton 3 eval 0.003046s E=2.957786980531e-01 grad_inf=1.223e-02 primal=5.563e-07
5761.298821 aug 3 newton 3 linear 0.000976s solve+descent_fallback step_inf=1.223e-02 directional=-9.325e-03
5761.343399 aug 3 newton 3 line 0.044154s accepted=True line_count=15 alpha=6.104e-05
5761.346919 aug 3 newton 4 eval 0.003151s E=2.957794832916e-01 grad_inf=5.365e-03 primal=7.394e-07
5761.349606 aug 3 newton 4 linear 0.001175s solve+descent_fallback step_inf=5.365e-03 directional=-1.547e-03
5761.388764 aug 3 newton 4 line 0.038743s accepted=True line_count=13 alpha=2.441e-04
5761.392294 aug 3 newton 5 eval 0.003170s E=2.957784477484e-01 grad_inf=1.091e-02 primal=4.118e-07
5761.393894 aug 3 newton 5 linear 0.000967s solve+descent_fallback step_inf=1.091e-02 directional=-7.153e-03
5761.440810 aug 3 newton 5 line 0.046551s accepted=True line_count=15 alpha=6.104e-05
5761.444433 aug 3 newton 6 eval 0.003209s E=2.957791106465e-01 grad_inf=5.109e-03 primal=7.079e-07
5761.446296 aug 3 newton 6 linear 0.001503s solve+descent_fallback step_inf=5.109e-03 directional=-1.441e-03
5761.488559 aug 3 newton 6 line 0.041893s accepted=True line_count=12 alpha=4.883e-04
5761.492872 aug 3 newton 7 eval 0.003943s E=2.957772555755e-01 grad_inf=1.897e-02 primal=1.231e-06
5761.494162 aug 3 newton 7 linear 0.000941s solve+descent_fallback step_inf=1.897e-02 directional=-2.362e-02
5761.538642 aug 3 newton 7 line 0.044076s accepted=True line_count=15 alpha=6.104e-05
5761.542027 aug 3 newton 8 eval 0.003012s E=2.957786035707e-01 grad_inf=6.541e-03 primal=8.841e-07
5761.544054 aug 3 newton 8 linear 0.000999s solve+descent_fallback step_inf=6.541e-03 directional=-2.243e-03
5761.586243 aug 3 newton 8 line 0.041790s accepted=True line_count=14 alpha=1.221e-04
5761.589808 aug 3 newton 9 eval 0.003175s E=2.957778373909e-01 grad_inf=7.951e-03 primal=7.876e-08
5761.591764 aug 3 newton 9 linear 0.001560s solve+descent_fallback step_inf=7.951e-03 directional=-3.423e-03
5761.633952 aug 3 newton 9 line 0.041806s accepted=True line_count=14 alpha=1.221e-04
5761.637343 aug 3 newton 10 eval 0.003061s E=2.957785994666e-01 grad_inf=1.004e-02 primal=1.277e-06
5761.638898 aug 3 newton 10 linear 0.000880s solve+descent_fallback step_inf=1.004e-02 directional=-5.874e-03
5761.682109 aug 3 newton 10 line 0.042846s accepted=True line_count=14 alpha=1.221e-04
5761.685400 aug 3 newton 11 eval 0.002973s E=2.957771586932e-01 grad_inf=1.321e-02 primal=6.538e-07
5761.687248 aug 3 newton 11 linear 0.001517s solve+descent_fallback step_inf=1.321e-02 directional=-1.097e-02
5761.734115 aug 3 newton 11 line 0.046494s accepted=True line_count=15 alpha=6.104e-05
5761.737992 aug 3 newton 12 eval 0.003466s E=2.957780259156e-01 grad_inf=5.536e-03 primal=7.604e-07
5761.739703 aug 3 newton 12 linear 0.000762s solve+descent_fallback step_inf=5.536e-03 directional=-1.627e-03
5761.777475 aug 3 newton 12 line 0.037365s accepted=True line_count=13 alpha=2.441e-04
5761.780927 aug 3 newton 13 eval 0.003055s E=2.957769179999e-01 grad_inf=1.165e-02 primal=4.948e-07
5761.782248 aug 3 newton 13 linear 0.000973s solve+descent_fallback step_inf=1.165e-02 directional=-8.359e-03
5761.828895 aug 3 newton 13 line 0.046256s accepted=True line_count=15 alpha=6.104e-05
5761.832450 aug 3 newton 14 eval 0.003192s E=2.957776511562e-01 grad_inf=5.256e-03 primal=7.260e-07
5761.833855 aug 3 newton 14 linear 0.001037s solve+descent_fallback step_inf=5.256e-03 directional=-1.500e-03
5761.873766 aug 3 newton 14 line 0.039464s accepted=True line_count=13 alpha=2.441e-04
5761.877702 aug 3 newton 15 eval 0.003517s E=2.957766615996e-01 grad_inf=1.044e-02 primal=3.590e-07
5761.880065 aug 3 newton 15 linear 0.002024s solve+descent_fallback step_inf=1.044e-02 directional=-6.444e-03
5761.923919 aug 3 newton 15 line 0.043496s accepted=True line_count=15 alpha=6.104e-05
5761.927433 aug 3 newton 16 eval 0.003142s E=2.957772798654e-01 grad_inf=5.041e-03 primal=6.964e-07
5761.929539 aug 3 newton 16 linear 0.001810s solve+descent_fallback step_inf=5.041e-03 directional=-1.407e-03
5761.965650 aug 3 newton 16 line 0.035762s accepted=True line_count=12 alpha=4.883e-04
5761.969118 aug 3 newton 17 eval 0.003125s E=2.957755036152e-01 grad_inf=1.794e-02 primal=1.127e-06
5761.970210 aug 3 newton 17 linear 0.000746s solve+descent_fallback step_inf=1.794e-02 directional=-2.097e-02
5762.013890 aug 3 newton 17 line 0.043312s accepted=True line_count=15 alpha=6.104e-05
5762.017302 aug 3 newton 18 eval 0.003078s E=2.957767652611e-01 grad_inf=6.361e-03 primal=8.619e-07
5762.018557 aug 3 newton 18 linear 0.000962s solve+descent_fallback step_inf=6.361e-03 directional=-2.114e-03
5762.058547 aug 3 newton 18 line 0.039634s accepted=True line_count=14 alpha=1.221e-04
5762.061930 aug 3 newton 19 eval 0.003064s E=2.957760372006e-01 grad_inf=7.663e-03 primal=7.372e-08
5762.063195 aug 3 newton 19 linear 0.000806s solve+descent_fallback step_inf=7.663e-03 directional=-3.155e-03
5762.105928 aug 3 newton 19 line 0.042359s accepted=True line_count=14 alpha=1.221e-04
5762.109645 aug 3 newton 20 eval 0.003383s E=2.957767443377e-01 grad_inf=9.626e-03 primal=1.231e-06
5762.111733 aug 3 newton 20 linear 0.001516s solve+descent_fallback step_inf=9.626e-03 directional=-5.316e-03
5762.154574 aug 3 newton 20 line 0.042461s accepted=True line_count=14 alpha=1.221e-04
5762.158329 aug 3 done 0.963454s primal=5.857e-07 stationarity=1.253e-02 total_newton=60
5762.159408 aug 4 start
5762.162773 aug 4 newton 1 eval 0.003088s E=2.957753827611e-01 grad_inf=1.820e-02 primal=5.857e-07
5762.164326 aug 4 newton 1 linear 0.000723s solve+descent_fallback step_inf=1.820e-02 directional=-2.113e-02
5762.209672 aug 4 newton 1 line 0.044999s accepted=True line_count=15 alpha=6.104e-05
5762.212933 aug 4 newton 2 eval 0.002951s E=2.957766505166e-01 grad_inf=6.368e-03 primal=1.424e-06
5762.214343 aug 4 newton 2 linear 0.001042s solve+descent_fallback step_inf=6.368e-03 directional=-2.122e-03
5762.255234 aug 4 newton 2 line 0.040513s accepted=True line_count=14 alpha=1.221e-04
5762.258723 aug 4 newton 3 eval 0.003120s E=2.957759197602e-01 grad_inf=7.694e-03 primal=5.387e-07
5762.260186 aug 4 newton 3 linear 0.000982s solve+descent_fallback step_inf=7.694e-03 directional=-3.171e-03
5762.300549 aug 4 newton 3 line 0.040003s accepted=True line_count=14 alpha=1.221e-04
5762.304097 aug 4 newton 4 eval 0.003177s E=2.957766307846e-01 grad_inf=9.671e-03 primal=1.815e-06
5762.305366 aug 4 newton 4 linear 0.000671s solve+descent_fallback step_inf=9.671e-03 directional=-5.351e-03
5762.346309 aug 4 newton 4 line 0.040575s accepted=True line_count=14 alpha=1.221e-04
5762.349710 aug 4 newton 5 eval 0.003066s E=2.957752636057e-01 grad_inf=1.270e-02 primal=4.522e-08
5762.351099 aug 4 newton 5 linear 0.001070s solve+descent_fallback step_inf=1.270e-02 directional=-9.879e-03
5762.397062 aug 4 newton 5 line 0.045614s accepted=True line_count=15 alpha=6.104e-05
5762.400427 aug 4 newton 6 eval 0.002998s E=2.957760777923e-01 grad_inf=5.422e-03 primal=1.301e-06
5762.401779 aug 4 newton 6 linear 0.001046s solve+descent_fallback step_inf=5.422e-03 directional=-1.574e-03
5762.441911 aug 4 newton 6 line 0.039751s accepted=True line_count=13 alpha=2.441e-04
5762.445480 aug 4 newton 7 eval 0.003245s E=2.957750167068e-01 grad_inf=1.119e-02 primal=1.704e-07
5762.446605 aug 4 newton 7 linear 0.000684s solve+descent_fallback step_inf=1.119e-02 directional=-7.560e-03
5762.490988 aug 4 newton 7 line 0.044008s accepted=True line_count=15 alpha=6.104e-05
5762.494527 aug 4 newton 8 eval 0.003196s E=2.957757044133e-01 grad_inf=5.158e-03 primal=1.267e-06
5762.496230 aug 4 newton 8 linear 0.001342s solve+descent_fallback step_inf=5.158e-03 directional=-1.461e-03
5762.536751 aug 4 newton 8 line 0.040106s accepted=True line_count=13 alpha=2.441e-04
5762.540242 aug 4 newton 9 eval 0.003112s E=2.957747549896e-01 grad_inf=1.005e-02 primal=2.820e-07
5762.542264 aug 4 newton 9 linear 0.001706s solve+descent_fallback step_inf=1.005e-02 directional=-5.857e-03
5762.582859 aug 4 newton 9 line 0.040235s accepted=True line_count=14 alpha=1.221e-04
5762.586709 aug 4 newton 10 eval 0.003501s E=2.957759136245e-01 grad_inf=1.333e-02 primal=2.211e-06
5762.588257 aug 4 newton 10 linear 0.000719s solve+descent_fallback step_inf=1.333e-02 directional=-1.093e-02
5762.634884 aug 4 newton 10 line 0.046264s accepted=True line_count=15 alpha=6.104e-05
5762.638499 aug 4 newton 11 eval 0.003241s E=2.957749074399e-01 grad_inf=5.530e-03 primal=8.075e-07
5762.639830 aug 4 newton 11 linear 0.000888s solve+descent_fallback step_inf=5.530e-03 directional=-1.625e-03
5762.679452 aug 4 newton 11 line 0.039255s accepted=True line_count=13 alpha=2.441e-04
5762.683176 aug 4 newton 12 eval 0.003399s E=2.957754534355e-01 grad_inf=1.171e-02 primal=2.047e-06
5762.684449 aug 4 newton 12 linear 0.000894s solve+descent_fallback step_inf=1.171e-02 directional=-8.333e-03
5762.729389 aug 4 newton 12 line 0.044589s accepted=True line_count=15 alpha=6.104e-05
5762.733161 aug 4 newton 13 eval 0.003414s E=2.957745811399e-01 grad_inf=5.251e-03 primal=8.438e-07
5762.734722 aug 4 newton 13 linear 0.000808s solve+descent_fallback step_inf=5.251e-03 directional=-1.499e-03
5762.774723 aug 4 newton 13 line 0.039630s accepted=True line_count=13 alpha=2.441e-04
5762.778658 aug 4 newton 14 eval 0.003579s E=2.957750089357e-01 grad_inf=1.045e-02 primal=1.906e-06
5762.779954 aug 4 newton 14 linear 0.000917s solve+descent_fallback step_inf=1.045e-02 directional=-6.425e-03
5762.825301 aug 4 newton 14 line 0.044995s accepted=True line_count=15 alpha=6.104e-05
5762.828668 aug 4 newton 15 eval 0.003035s E=2.957742513789e-01 grad_inf=5.034e-03 primal=8.749e-07
5762.830441 aug 4 newton 15 linear 0.000781s solve+descent_fallback step_inf=5.034e-03 directional=-1.406e-03
5762.868078 aug 4 newton 15 line 0.037287s accepted=True line_count=12 alpha=4.883e-04
5762.871920 aug 4 newton 16 eval 0.003501s E=2.957749043844e-01 grad_inf=1.810e-02 primal=2.695e-06
5762.873619 aug 4 newton 16 linear 0.001358s solve+descent_fallback step_inf=1.810e-02 directional=-2.090e-02
5762.926544 aug 4 newton 16 line 0.052580s accepted=True line_count=15 alpha=6.104e-05
5762.929797 aug 4 newton 17 eval 0.002913s E=2.957735043008e-01 grad_inf=6.351e-03 primal=7.007e-07
5762.931268 aug 4 newton 17 linear 0.001137s solve+descent_fallback step_inf=6.351e-03 directional=-2.111e-03
5762.973374 aug 4 newton 17 line 0.041706s accepted=True line_count=14 alpha=1.221e-04
5762.976862 aug 4 newton 18 eval 0.003110s E=2.957739511738e-01 grad_inf=7.668e-03 primal=1.581e-06
5762.978474 aug 4 newton 18 linear 0.001270s solve+descent_fallback step_inf=7.668e-03 directional=-3.147e-03
5763.019578 aug 4 newton 18 line 0.040731s accepted=True line_count=14 alpha=1.221e-04
5763.022837 aug 4 newton 19 eval 0.002928s E=2.957729647567e-01 grad_inf=9.633e-03 primal=3.273e-07
5763.024345 aug 4 newton 19 linear 0.001046s solve+descent_fallback step_inf=9.633e-03 directional=-5.301e-03
5763.066169 aug 4 newton 19 line 0.041432s accepted=True line_count=14 alpha=1.221e-04
5763.069609 aug 4 newton 20 eval 0.003092s E=2.957740443057e-01 grad_inf=1.264e-02 primal=2.141e-06
5763.071165 aug 4 newton 20 linear 0.001092s solve+descent_fallback step_inf=1.264e-02 directional=-9.777e-03
5763.115253 aug 4 newton 20 line 0.043715s accepted=True line_count=15 alpha=6.104e-05
5763.118551 aug 4 done 0.959899s primal=8.230e-07 stationarity=5.411e-03 total_newton=80
5763.119715 aug 5 start
5763.123342 aug 5 newton 1 eval 0.003302s E=2.957730951226e-01 grad_inf=8.373e-03 primal=8.230e-07
5763.125150 aug 5 newton 1 linear 0.001486s solve+descent_fallback step_inf=8.373e-03 directional=-3.861e-03
5763.168368 aug 5 newton 1 line 0.042845s accepted=True line_count=14 alpha=1.221e-04
5763.172174 aug 5 newton 2 eval 0.003454s E=2.957719704955e-01 grad_inf=1.065e-02 primal=6.158e-07
5763.173534 aug 5 newton 2 linear 0.000889s solve+descent_fallback step_inf=1.065e-02 directional=-6.784e-03
5763.219593 aug 5 newton 2 line 0.045619s accepted=True line_count=15 alpha=6.104e-05
5763.223093 aug 5 newton 3 eval 0.002992s E=2.957726098799e-01 grad_inf=5.068e-03 primal=4.244e-07
5763.225606 aug 5 newton 3 linear 0.002127s solve+descent_fallback step_inf=5.068e-03 directional=-1.423e-03
5763.263308 aug 5 newton 3 line 0.037309s accepted=True line_count=12 alpha=4.883e-04
5763.266627 aug 5 newton 4 eval 0.002976s E=2.957707963788e-01 grad_inf=1.828e-02 primal=1.399e-06
5763.268402 aug 5 newton 4 linear 0.001471s solve+descent_fallback step_inf=1.828e-02 directional=-2.224e-02
5763.312528 aug 5 newton 4 line 0.043769s accepted=True line_count=15 alpha=6.104e-05
5763.315904 aug 5 newton 5 eval 0.003037s E=2.957720988781e-01 grad_inf=6.450e-03 primal=5.982e-07
5763.317365 aug 5 newton 5 linear 0.001110s solve+descent_fallback step_inf=6.450e-03 directional=-2.176e-03
5763.359537 aug 5 newton 5 line 0.041820s accepted=True line_count=14 alpha=1.221e-04
5763.362817 aug 5 newton 6 eval 0.002955s E=2.957713527937e-01 grad_inf=7.791e-03 primal=2.936e-07
5763.364362 aug 5 newton 6 linear 0.000928s solve+descent_fallback step_inf=7.791e-03 directional=-3.283e-03
5763.408236 aug 5 newton 6 line 0.043521s accepted=True line_count=14 alpha=1.221e-04
5763.411752 aug 5 newton 7 eval 0.003139s E=2.957720859295e-01 grad_inf=9.810e-03 primal=9.859e-07
5763.413075 aug 5 newton 7 linear 0.000911s solve+descent_fallback step_inf=9.810e-03 directional=-5.584e-03
5763.457416 aug 5 newton 7 line 0.043942s accepted=True line_count=14 alpha=1.221e-04
5763.460954 aug 5 newton 8 eval 0.003158s E=2.957706868966e-01 grad_inf=1.275e-02 primal=8.493e-07
5763.469229 aug 5 newton 8 linear 0.001135s solve+descent_fallback step_inf=1.275e-02 directional=-1.036e-02
5763.515414 aug 5 newton 8 line 0.045814s accepted=True line_count=15 alpha=6.104e-05
5763.518989 aug 5 newton 9 eval 0.003243s E=2.957715240494e-01 grad_inf=5.476e-03 primal=4.762e-07
5763.520742 aug 5 newton 9 linear 0.001405s solve+descent_fallback step_inf=5.476e-03 directional=-1.597e-03
5763.563589 aug 5 newton 9 line 0.042494s accepted=True line_count=13 alpha=2.441e-04
5763.567038 aug 5 newton 10 eval 0.003102s E=2.957704427062e-01 grad_inf=1.136e-02 primal=6.961e-07
5763.568820 aug 5 newton 10 linear 0.001463s solve+descent_fallback step_inf=1.136e-02 directional=-7.916e-03
5763.615009 aug 5 newton 10 line 0.045840s accepted=True line_count=15 alpha=6.104e-05
5763.619102 aug 5 newton 11 eval 0.003637s E=2.957711500945e-01 grad_inf=5.205e-03 primal=4.422e-07
5763.621710 aug 5 newton 11 linear 0.001190s solve+descent_fallback step_inf=5.205e-03 directional=-1.478e-03
5763.663815 aug 5 newton 11 line 0.041698s accepted=True line_count=13 alpha=2.441e-04
5763.667344 aug 5 newton 12 eval 0.003165s E=2.957701833127e-01 grad_inf=1.020e-02 primal=5.647e-07
5763.669155 aug 5 newton 12 linear 0.000823s solve+descent_fallback step_inf=1.020e-02 directional=-6.119e-03
5763.714122 aug 5 newton 12 line 0.044480s accepted=True line_count=14 alpha=1.221e-04
5763.717763 aug 5 newton 13 eval 0.003271s E=2.957713756823e-01 grad_inf=1.338e-02 primal=1.379e-06
5763.719268 aug 5 newton 13 linear 0.000915s solve+descent_fallback step_inf=1.338e-02 directional=-1.148e-02
5763.765862 aug 5 newton 13 line 0.046200s accepted=True line_count=15 alpha=6.104e-05
5763.769403 aug 5 newton 14 eval 0.003161s E=2.957703451936e-01 grad_inf=5.588e-03 primal=3.894e-08
5763.771148 aug 5 newton 14 linear 0.001398s solve+descent_fallback step_inf=5.588e-03 directional=-1.652e-03
5763.810405 aug 5 newton 14 line 0.038619s accepted=True line_count=13 alpha=2.441e-04
5763.814544 aug 5 newton 15 eval 0.003649s E=2.957709126632e-01 grad_inf=1.184e-02 primal=1.216e-06
5763.816869 aug 5 newton 15 linear 0.000943s solve+descent_fallback step_inf=1.184e-02 directional=-8.732e-03
5763.863604 aug 5 newton 15 line 0.046339s accepted=True line_count=15 alpha=6.104e-05
5763.867135 aug 5 newton 16 eval 0.003163s E=2.957700195402e-01 grad_inf=5.300e-03 primal=2.600e-08
5763.869008 aug 5 newton 16 linear 0.001532s solve+descent_fallback step_inf=5.300e-03 directional=-1.518e-03
5763.908084 aug 5 newton 16 line 0.038701s accepted=True line_count=13 alpha=2.441e-04
5763.911894 aug 5 newton 17 eval 0.003456s E=2.957704657407e-01 grad_inf=1.061e-02 primal=1.076e-06
5763.913559 aug 5 newton 17 linear 0.000947s solve+descent_fallback step_inf=1.061e-02 directional=-6.718e-03
5763.958800 aug 5 newton 17 line 0.044870s accepted=True line_count=15 alpha=6.104e-05
5763.962117 aug 5 newton 18 eval 0.002977s E=2.957696903359e-01 grad_inf=5.064e-03 primal=5.600e-08
5763.963760 aug 5 newton 18 linear 0.001254s solve+descent_fallback step_inf=5.064e-03 directional=-1.420e-03
5764.000648 aug 5 newton 18 line 0.036530s accepted=True line_count=12 alpha=4.883e-04
5764.003848 aug 5 newton 19 eval 0.002888s E=2.957703748902e-01 grad_inf=1.818e-02 primal=1.859e-06
5764.005359 aug 5 newton 19 linear 0.000757s solve+descent_fallback step_inf=1.818e-02 directional=-2.199e-02
5764.048789 aug 5 newton 19 line 0.043065s accepted=True line_count=15 alpha=6.104e-05
5764.052018 aug 5 newton 20 eval 0.002919s E=2.957689402736e-01 grad_inf=6.434e-03 primal=1.361e-07
5764.053982 aug 5 newton 20 linear 0.001655s solve+descent_fallback step_inf=6.434e-03 directional=-2.164e-03
5764.097627 aug 5 newton 20 line 0.043275s accepted=True line_count=14 alpha=1.221e-04
5764.101012 aug 5 done 0.982141s primal=7.540e-07 stationarity=7.764e-03 total_newton=100
5764.103296 aug 6 start
5764.106881 aug 6 newton 1 eval 0.003229s E=2.957694023987e-01 grad_inf=1.464e-02 primal=7.540e-07
5764.108708 aug 6 newton 1 linear 0.001452s solve+descent_fallback step_inf=1.464e-02 directional=-1.377e-02
5764.159535 aug 6 newton 1 line 0.043766s accepted=True line_count=15 alpha=6.104e-05
5764.162972 aug 6 newton 2 eval 0.003064s E=2.957682700756e-01 grad_inf=5.799e-03 primal=7.957e-07
5764.164316 aug 6 newton 2 linear 0.000708s solve+descent_fallback step_inf=5.799e-03 directional=-1.763e-03
5764.202412 aug 6 newton 2 line 0.037734s accepted=True line_count=13 alpha=2.441e-04
5764.205997 aug 6 newton 3 eval 0.003217s E=2.957689274552e-01 grad_inf=1.283e-02 primal=5.724e-07
5764.207430 aug 6 newton 3 linear 0.001097s solve+descent_fallback step_inf=1.283e-02 directional=-1.042e-02
5764.254910 aug 6 newton 3 line 0.047105s accepted=True line_count=15 alpha=6.104e-05
5764.258480 aug 6 newton 4 eval 0.003182s E=2.957679470634e-01 grad_inf=5.482e-03 primal=7.557e-07
5764.261074 aug 6 newton 4 linear 0.000953s solve+descent_fallback step_inf=5.482e-03 directional=-1.600e-03
5764.301240 aug 6 newton 4 line 0.039781s accepted=True line_count=13 alpha=2.441e-04
5764.304973 aug 6 newton 5 eval 0.003390s E=2.957684703148e-01 grad_inf=1.140e-02 primal=4.168e-07
5764.306620 aug 6 newton 5 linear 0.000822s solve+descent_fallback step_inf=1.140e-02 directional=-7.956e-03
5764.354973 aug 6 newton 5 line 0.047982s accepted=True line_count=15 alpha=6.104e-05
5764.358763 aug 6 newton 6 eval 0.003431s E=2.957676201237e-01 grad_inf=5.209e-03 primal=7.213e-07
5764.360549 aug 6 newton 6 linear 0.000756s solve+descent_fallback step_inf=5.209e-03 directional=-1.480e-03
5764.400481 aug 6 newton 6 line 0.039574s accepted=True line_count=13 alpha=2.441e-04
5764.404190 aug 6 newton 7 eval 0.003330s E=2.957680284316e-01 grad_inf=1.023e-02 primal=2.834e-07
5764.405867 aug 6 newton 7 linear 0.001157s solve+descent_fallback step_inf=1.023e-02 directional=-6.148e-03
5764.450590 aug 6 newton 7 line 0.044350s accepted=True line_count=14 alpha=1.221e-04
5764.454464 aug 6 newton 8 eval 0.003484s E=2.957665512069e-01 grad_inf=1.347e-02 primal=1.667e-06
5764.456258 aug 6 newton 8 linear 0.001425s solve+descent_fallback step_inf=1.347e-02 directional=-1.154e-02
5764.502890 aug 6 newton 8 line 0.046184s accepted=True line_count=15 alpha=6.104e-05
5764.506595 aug 6 newton 9 eval 0.003353s E=2.957674447209e-01 grad_inf=5.593e-03 primal=2.629e-07
5764.508340 aug 6 newton 9 linear 0.001157s solve+descent_fallback step_inf=5.593e-03 directional=-1.654e-03
5764.548453 aug 6 newton 9 line 0.039736s accepted=True line_count=13 alpha=2.441e-04
5764.552100 aug 6 newton 10 eval 0.003221s E=2.957663136361e-01 grad_inf=1.187e-02 primal=1.502e-06
5764.553817 aug 6 newton 10 linear 0.001346s solve+descent_fallback step_inf=1.187e-02 directional=-8.777e-03
5764.600267 aug 6 newton 10 line 0.046070s accepted=True line_count=15 alpha=6.104e-05
5764.604105 aug 6 newton 11 eval 0.003438s E=2.957670693248e-01 grad_inf=5.305e-03 primal=2.986e-07
5764.605926 aug 6 newton 11 linear 0.001282s solve+descent_fallback step_inf=5.305e-03 directional=-1.520e-03
5764.646693 aug 6 newton 11 line 0.040399s accepted=True line_count=13 alpha=2.441e-04
5764.650067 aug 6 newton 12 eval 0.003030s E=2.957660599177e-01 grad_inf=1.064e-02 primal=1.361e-06
5764.652152 aug 6 newton 12 linear 0.001339s solve+descent_fallback step_inf=1.064e-02 directional=-6.751e-03
5764.697902 aug 6 newton 12 line 0.045383s accepted=True line_count=15 alpha=6.104e-05
5764.701258 aug 6 newton 13 eval 0.003026s E=2.957666974943e-01 grad_inf=5.064e-03 primal=3.292e-07
5764.702793 aug 6 newton 13 linear 0.001138s solve+descent_fallback step_inf=5.064e-03 directional=-1.421e-03
5764.741101 aug 6 newton 13 line 0.037960s accepted=True line_count=12 alpha=4.883e-04
5764.744569 aug 6 newton 14 eval 0.003105s E=2.957648872317e-01 grad_inf=1.830e-02 primal=2.152e-06
5764.746067 aug 6 newton 14 linear 0.001080s solve+descent_fallback step_inf=1.830e-02 directional=-2.212e-02
5764.794142 aug 6 newton 14 line 0.047710s accepted=True line_count=15 alpha=6.104e-05
5764.797537 aug 6 newton 15 eval 0.002982s E=2.957661862290e-01 grad_inf=6.441e-03 primal=1.578e-07
5764.799766 aug 6 newton 15 linear 0.001656s solve+descent_fallback step_inf=6.441e-03 directional=-2.170e-03
5764.844122 aug 6 newton 15 line 0.043977s accepted=True line_count=14 alpha=1.221e-04
5764.848897 aug 6 newton 16 eval 0.004396s E=2.957654417020e-01 grad_inf=7.783e-03 primal=1.036e-06
5764.851018 aug 6 newton 16 linear 0.001037s solve+descent_fallback step_inf=7.783e-03 directional=-3.271e-03
5764.896623 aug 6 newton 16 line 0.045191s accepted=True line_count=14 alpha=1.221e-04
5764.900672 aug 6 newton 17 eval 0.003665s E=2.957661726162e-01 grad_inf=9.799e-03 primal=2.348e-07
5764.903792 aug 6 newton 17 linear 0.002549s solve+descent_fallback step_inf=9.799e-03 directional=-5.558e-03
5764.950241 aug 6 newton 17 line 0.045993s accepted=True line_count=14 alpha=1.221e-04
5764.954037 aug 6 newton 18 eval 0.003427s E=2.957647768088e-01 grad_inf=1.277e-02 primal=1.597e-06
5764.955270 aug 6 newton 18 linear 0.000897s solve+descent_fallback step_inf=1.277e-02 directional=-1.031e-02
5765.002304 aug 6 newton 18 line 0.046684s accepted=True line_count=15 alpha=6.104e-05
5765.005889 aug 6 newton 19 eval 0.003251s E=2.957656116485e-01 grad_inf=5.470e-03 primal=2.781e-07
5765.007290 aug 6 newton 19 linear 0.001066s solve+descent_fallback step_inf=5.470e-03 directional=-1.595e-03
5765.049436 aug 6 newton 19 line 0.041785s accepted=True line_count=13 alpha=2.441e-04
5765.053366 aug 6 newton 20 eval 0.003594s E=2.957645323706e-01 grad_inf=1.135e-02 primal=1.442e-06
5765.054737 aug 6 newton 20 linear 0.000996s solve+descent_fallback step_inf=1.135e-02 directional=-7.876e-03
5765.103305 aug 6 newton 20 line 0.048208s accepted=True line_count=15 alpha=6.104e-05
5765.106992 aug 6 done 1.005602s primal=3.116e-07 stationarity=5.200e-03 total_newton=120
5765.109071 aug 7 start
5765.113037 aug 7 newton 1 eval 0.003606s E=2.957652377774e-01 grad_inf=4.772e-03 primal=3.116e-07
5765.114547 aug 7 newton 1 linear 0.000897s solve+descent_fallback step_inf=4.772e-03 directional=-1.243e-03
5765.150771 aug 7 newton 1 line 0.035866s accepted=True line_count=11 alpha=9.766e-04
5765.154288 aug 7 newton 2 eval 0.003163s E=2.957655842997e-01 grad_inf=2.188e-02 primal=1.849e-06
5765.156442 aug 7 newton 2 linear 0.000950s solve+descent_fallback step_inf=2.188e-02 directional=-3.367e-02
5765.203895 aug 7 newton 2 line 0.047062s accepted=True line_count=15 alpha=6.104e-05
5765.207586 aug 7 newton 3 eval 0.003322s E=2.957638139379e-01 grad_inf=7.145e-03 primal=6.535e-07
5765.209924 aug 7 newton 3 linear 0.001163s solve+descent_fallback step_inf=7.145e-03 directional=-2.732e-03
5765.253384 aug 7 newton 3 line 0.043082s accepted=True line_count=14 alpha=1.221e-04
5765.256981 aug 7 newton 4 eval 0.003261s E=2.957644242756e-01 grad_inf=8.866e-03 primal=4.512e-07
5765.258893 aug 7 newton 4 linear 0.001017s solve+descent_fallback step_inf=8.866e-03 directional=-4.439e-03
5765.304074 aug 7 newton 4 line 0.044810s accepted=True line_count=14 alpha=1.221e-04
5765.307836 aug 7 newton 5 eval 0.003307s E=2.957632022759e-01 grad_inf=1.136e-02 primal=1.141e-06
5765.309545 aug 7 newton 5 linear 0.000802s solve+descent_fallback step_inf=1.136e-02 directional=-7.986e-03
5765.358722 aug 7 newton 5 line 0.047836s accepted=True line_count=15 alpha=6.104e-05
5765.362660 aug 7 newton 6 eval 0.003564s E=2.957639118548e-01 grad_inf=5.213e-03 primal=1.590e-08
5765.364018 aug 7 newton 6 linear 0.000932s solve+descent_fallback step_inf=5.213e-03 directional=-1.481e-03
5765.405979 aug 7 newton 6 line 0.041589s accepted=True line_count=13 alpha=2.441e-04
5765.409545 aug 7 newton 7 eval 0.003190s E=2.957629431680e-01 grad_inf=1.020e-02 primal=1.007e-06
5765.411126 aug 7 newton 7 linear 0.001095s solve+descent_fallback step_inf=1.020e-02 directional=-6.170e-03
5765.458295 aug 7 newton 7 line 0.046764s accepted=True line_count=14 alpha=1.221e-04
5765.462197 aug 7 newton 8 eval 0.003498s E=2.957641392939e-01 grad_inf=1.328e-02 primal=9.602e-07
5765.464442 aug 7 newton 8 linear 0.001855s solve+descent_fallback step_inf=1.328e-02 directional=-1.158e-02
5765.511902 aug 7 newton 8 line 0.047069s accepted=True line_count=15 alpha=6.104e-05
5765.515481 aug 7 newton 9 eval 0.003201s E=2.957631061124e-01 grad_inf=5.598e-03 primal=4.573e-07
5765.516931 aug 7 newton 9 linear 0.000841s solve+descent_fallback step_inf=5.598e-03 directional=-1.657e-03
5765.557224 aug 7 newton 9 line 0.039866s accepted=True line_count=13 alpha=2.441e-04
5765.560711 aug 7 newton 10 eval 0.003120s E=2.957636759883e-01 grad_inf=1.184e-02 primal=7.941e-07
5765.562144 aug 7 newton 10 linear 0.001103s solve+descent_fallback step_inf=1.184e-02 directional=-8.811e-03
5765.608736 aug 7 newton 10 line 0.046228s accepted=True line_count=15 alpha=6.104e-05
5765.612375 aug 7 newton 11 eval 0.003300s E=2.957627805585e-01 grad_inf=5.309e-03 primal=4.206e-07
5765.614550 aug 7 newton 11 linear 0.000842s solve+descent_fallback step_inf=5.309e-03 directional=-1.522e-03
5765.654316 aug 7 newton 11 line 0.039351s accepted=True line_count=13 alpha=2.441e-04
5765.657579 aug 7 newton 12 eval 0.002945s E=2.957632288246e-01 grad_inf=1.060e-02 primal=6.518e-07
5765.659105 aug 7 newton 12 linear 0.000954s solve+descent_fallback step_inf=1.060e-02 directional=-6.775e-03
5765.704781 aug 7 newton 12 line 0.045279s accepted=True line_count=15 alpha=6.104e-05
5765.708011 aug 7 newton 13 eval 0.002919s E=2.957624514438e-01 grad_inf=5.074e-03 primal=3.892e-07
5765.709702 aug 7 newton 13 linear 0.001391s solve+descent_fallback step_inf=5.074e-03 directional=-1.422e-03
5765.747308 aug 7 newton 13 line 0.037257s accepted=True line_count=12 alpha=4.883e-04
5765.750652 aug 7 newton 14 eval 0.003028s E=2.957631395450e-01 grad_inf=1.799e-02 primal=1.449e-06
5765.752465 aug 7 newton 14 linear 0.000934s solve+descent_fallback step_inf=1.799e-02 directional=-2.221e-02
5765.797311 aug 7 newton 14 line 0.044462s accepted=True line_count=15 alpha=6.104e-05
5765.800695 aug 7 newton 15 eval 0.003033s E=2.957617010999e-01 grad_inf=6.449e-03 primal=5.651e-07
5765.802360 aug 7 newton 15 linear 0.001046s solve+descent_fallback step_inf=6.449e-03 directional=-2.174e-03
5765.846232 aug 7 newton 15 line 0.043482s accepted=True line_count=14 alpha=1.221e-04
5765.850047 aug 7 newton 16 eval 0.003444s E=2.957621649295e-01 grad_inf=7.763e-03 primal=3.239e-07
5765.851414 aug 7 newton 16 linear 0.000970s solve+descent_fallback step_inf=7.763e-03 directional=-3.280e-03
5765.894657 aug 7 newton 16 line 0.042741s accepted=True line_count=14 alpha=1.221e-04
5765.898439 aug 7 newton 17 eval 0.003443s E=2.957611541174e-01 grad_inf=9.770e-03 primal=9.576e-07
5765.900302 aug 7 newton 17 linear 0.001474s solve+descent_fallback step_inf=9.770e-03 directional=-5.577e-03
5765.944194 aug 7 newton 17 line 0.043548s accepted=True line_count=14 alpha=1.221e-04
5765.947727 aug 7 newton 18 eval 0.003203s E=2.957622688763e-01 grad_inf=1.266e-02 primal=8.895e-07
5765.949189 aug 7 newton 18 linear 0.000889s solve+descent_fallback step_inf=1.266e-02 directional=-1.035e-02
5765.995802 aug 7 newton 18 line 0.046258s accepted=True line_count=15 alpha=6.104e-05
5765.999541 aug 7 newton 19 eval 0.003244s E=2.957612943404e-01 grad_inf=5.475e-03 primal=4.417e-07
5766.001381 aug 7 newton 19 linear 0.000941s solve+descent_fallback step_inf=5.475e-03 directional=-1.597e-03
5766.041108 aug 7 newton 19 line 0.039301s accepted=True line_count=13 alpha=2.441e-04
5766.044937 aug 7 newton 20 eval 0.003402s E=2.957618124497e-01 grad_inf=1.131e-02 primal=7.336e-07
5766.046700 aug 7 newton 20 linear 0.001027s solve+descent_fallback step_inf=1.131e-02 directional=-7.906e-03
5766.092902 aug 7 newton 20 line 0.045827s accepted=True line_count=15 alpha=6.104e-05
5766.096626 aug 7 done 0.989246s primal=4.073e-07 stationarity=5.204e-03 total_newton=140
